{"mode": "applied", "file_path": "/private/var/folders/k6/gtt07v8j2vn51m_z05xk_fjc0000gp/T/dbt_autofix_test_project1_a5bjwvx9/project1/models/example/sources.yml", "refactors": [{"rule_name": "remove_tab_only_lines", "refactor_logs": ["Removed line containing only tabs on line 70"], "dbt_deprecation_classes": []}, {"rule_name": "restructure_yaml_keys", "refactor_logs": ["Source 'my-source' - Field 'tags' moved under config.", "Source 'my-source' - Field 'freshness' moved under config.", "Source 'my-source' - Moved all the meta fields under config.meta and merged with existing config.meta.", "Table 'table1' - Field 'loaded_at_field' moved under config.", "Table 'table1' - Field 'tags' moved under config.", "Table 'table1' - Field 'freshness' moved under config.", "Table 'table1' - Moved all the meta fields under config.meta and merged with existing config.meta.", "Column 'col1' - Moved all the meta fields under config.meta and merged with existing config.meta.", "Test 'unique' - Field 'where' moved under config."], "dbt_deprecation_classes": ["CustomKeyInConfigDeprecation"]}]}
{"mode": "applied", "file_path": "/private/var/folders/k6/gtt07v8j2vn51m_z05xk_fjc0000gp/T/dbt_autofix_test_project1_a5bjwvx9/project1/models/example/yml_with_dupes.yml", "refactors": [{"rule_name": "remove_duplicate_keys", "refactor_logs": ["Found duplicate keys: line 4 - duplication of key \"description\" in mapping"], "dbt_deprecation_classes": ["DuplicateYAMLKeysDeprecation"]}]}
{"mode": "applied", "file_path": "/private/var/folders/k6/gtt07v8j2vn51m_z05xk_fjc0000gp/T/dbt_autofix_test_project1_a5bjwvx9/project1/models/example/yml_with_tabs.yml", "refactors": [{"rule_name": "remove_extra_tabs", "refactor_logs": ["Found extra tabs: line 5 - column 21"], "dbt_deprecation_classes": []}]}
{"mode": "applied", "file_path": "/private/var/folders/k6/gtt07v8j2vn51m_z05xk_fjc0000gp/T/dbt_autofix_test_project1_a5bjwvx9/project1/models/example/yml_with_anchors.yml", "refactors": [{"rule_name": "removed_extra_indentation", "refactor_logs": ["Removed the extra indentation around 'version: 2' on line 1"], "dbt_deprecation_classes": []}, {"rule_name": "restructure_yaml_keys", "refactor_logs": ["Model 'my_first_dbt_model' - Field 'my_config' is not allowed, but 'config' is. Moved as-is under config.meta but you might want to rename it and move it under config.", "Column 'id' - Field 'my_config' is not allowed, but 'config' is. Moved as-is under config.meta but you might want to rename it and move it under config.", "Column 'id' - Moved all the meta fields under config.meta and merged with existing config.meta.", "Test 'not_null' - Field 'where' moved under config."], "dbt_deprecation_classes": ["CustomKeyInConfigDeprecation"]}]}
{"mode": "applied", "file_path": "/var/folders/k6/gtt07v8j2vn51m_z05xk_fjc0000gp/T/dbt_autofix_test_project1_a5bjwvx9/project1/dbt_project.yml", "refactors": [{"rule_name": "remove_deprecated_config", "refactor_logs": ["Removed the deprecated field 'target-path'"], "dbt_deprecation_classes": ["ConfigTargetPathDeprecation"]}, {"rule_name": "prefix_plus_for_config", "refactor_logs": ["Added '+' in front of the nested config 'materialized'"], "dbt_deprecation_classes": ["GenericJSONSchemaValidationDeprecation"]}]}
